[GPIO] Connected successfully to USB-4761,BID#0
 (Input Size: 640x640 ) CPU)
[SENDER-SHM] Created Shared Memory segment: BG_SHARED_STATUS_MEMORY
Initializing camera ID 0...
Camera initialized successfully.
Camera started in Continuous Video Mode.
Camera connection status: True
[GPIO] Connected successfully to USB-4761,BID#0
 (Input Size: 640x640 ) CPU)
[SENDER-SHM] Attached to existing Shared Memory: BG_SHARED_STATUS_MEMORY
Initializing camera ID 0...
Camera initialized successfully.
Camera started in Continuous Video Mode.
Camera connection status: True
send log successfully
[GPIO] Connected successfully to USB-4761,BID#0
 (Input Size: 640x640 ) CPU)
[SENDER-SHM] Created Shared Memory segment: BG_SHARED_STATUS_MEMORY
Initializing camera ID 0...
Camera initialized successfully.
Camera started in Continuous Video Mode.
Camera connection status: True
send log successfully
send log successfully
send log successfully
[GPIO] Connected successfully to USB-4761,BID#0
 (Input Size: 640x640 ) CPU)
[SENDER-SHM] Attached to existing Shared Memory: BG_SHARED_STATUS_MEMORY
Initializing camera ID 0...
Camera initialized successfully.
Camera started in Continuous Video Mode.
Camera connection status: True
send log successfully

[CAM] Running internal auto-reconnect...
Initializing camera ID 0...
Camera initialized successfully.
Camera started in Continuous Video Mode.
[CAM] Reconnected and Stream recovered successfully!
send log successfully
[GPIO] Connected successfully to USB-4761,BID#0
 (Input Size: 640x640 ) CPU)
[SENDER-SHM] Attached to existing Shared Memory: BG_SHARED_STATUS_MEMORY
Initializing camera ID 0...
Camera initialized successfully.
Camera started in Continuous Video Mode.
Camera connection status: True
ERROR 
send log successfully
send log successfully
[GPIO] Connected successfully to USB-4761,BID#0
 (Input Size: 640x640 ) CPU)
[SENDER-SHM] Created Shared Memory segment: BG_SHARED_STATUS_MEMORY
Initializing camera ID 0...
Camera initialized successfully.
Camera started in Continuous Video Mode.
Camera connection status: True
[GPIO] Connected successfully to USB-4761,BID#0
 (Input Size: 640x640 ) CPU)
[SENDER-SHM] Created Shared Memory segment: BG_SHARED_STATUS_MEMORY
Initializing camera ID 0...
Camera initialized successfully.
Camera started in Continuous Video Mode.
Camera connection status: True
send log successfully
[GPIO] Connected successfully to USB-4761,BID#0
 (Input Size: 640x640 ) CPU)
[SENDER-SHM] Created Shared Memory segment: BG_SHARED_STATUS_MEMORY
Initializing camera ID 0...
Camera initialized successfully.
Camera started in Continuous Video Mode.
Camera connection status: True
[GPIO] Connected successfully to USB-4761,BID#0
 (Input Size: 640x640 ) CPU)
[SENDER-SHM] Created Shared Memory segment: BG_SHARED_STATUS_MEMORY
Initializing camera ID 0...
Camera initialized successfully.
Camera started in Continuous Video Mode.
Camera connection status: True
[GPIO] Connected successfully to USB-4761,BID#0
 (Input Size: 640x640 ) CPU)
[SENDER-SHM] Attached to existing Shared Memory: BG_SHARED_STATUS_MEMORY
Initializing camera ID 0...
Camera initialized successfully.
Camera started in Continuous Video Mode.
Camera connection status: True
[GPIO] Connected successfully to USB-4761,BID#0
 (Input Size: 640x640 ) CPU)
[SENDER-SHM] Attached to existing Shared Memory: BG_SHARED_STATUS_MEMORY
Initializing camera ID 0...
Camera initialized successfully.
Camera started in Continuous Video Mode.
Camera connection status: True
[GPIO] Connected successfully to USB-4761,BID#0
 (Input Size: 640x640 ) CPU)
[SENDER-SHM] Created Shared Memory segment: BG_SHARED_STATUS_MEMORY
Initializing camera ID 0...
Camera initialized successfully.
Camera started in Continuous Video Mode.
Camera connection status: True
[GPIO] Connected successfully to USB-4761,BID#0
 (Input Size: 640x640 ) CPU)
[SENDER-SHM] Attached to existing Shared Memory: BG_SHARED_STATUS_MEMORY
Initializing camera ID 0...
Camera initialized successfully.
Camera started in Continuous Video Mode.
Camera connection status: True
[GPIO] Connected successfully to USB-4761,BID#0
 (Input Size: 640x640 ) CPU)
[SENDER-SHM] Attached to existing Shared Memory: BG_SHARED_STATUS_MEMORY
Initializing camera ID 0...
Camera initialized successfully.
Camera started in Continuous Video Mode.
Camera connection status: True
send log successfully
send log successfully
send log successfully
send log successfully
send log successfully
[GPIO] Connected successfully to USB-4761,BID#0
 (Input Size: 640x640 ) CPU)
[SENDER-SHM] Attached to existing Shared Memory: BG_SHARED_STATUS_MEMORY
Initializing camera ID 0...
Camera initialized successfully.
Camera started in Continuous Video Mode.
Camera connection status: True
[GPIO] Connected successfully to USB-4761,BID#0
 (Input Size: 640x640 ) CPU)
[SENDER-SHM] Attached to existing Shared Memory: BG_SHARED_STATUS_MEMORY
Initializing camera ID 0...
Camera initialized successfully.
Camera started in Continuous Video Mode.
Camera connection status: True
[GPIO] Connected successfully to USB-4761,BID#0
 (Input Size: 640x640 ) CPU)
[SENDER-SHM] Attached to existing Shared Memory: BG_SHARED_STATUS_MEMORY
Initializing camera ID 0...
Camera initialized successfully.
Camera started in Continuous Video Mode.
Camera connection status: True
send log successfully
[GPIO] Connected successfully to USB-4761,BID#0
 (Input Size: 640x640 ) CPU)
[SENDER-SHM] Created Shared Memory segment: BG_SHARED_STATUS_MEMORY
Initializing camera ID 0...
Camera initialized successfully.
Camera started in Continuous Video Mode.
Camera connection status: True
[GPIO] Connected successfully to USB-4761,BID#0
 (Input Size: 640x640 ) CPU)
[SENDER-SHM] Created Shared Memory segment: BG_SHARED_STATUS_MEMORY
Initializing camera ID 0...
Camera initialized successfully.
Camera started in Continuous Video Mode.
Camera connection status: True
send log successfully
send log successfully
[GPIO] Connected successfully to USB-4761,BID#0
 (Input Size: 640x640 ) CPU)
[SENDER-SHM] Attached to existing Shared Memory: BG_SHARED_STATUS_MEMORY
Initializing camera ID 0...
Camera initialized successfully.
Camera started in Continuous Video Mode.
Camera connection status: True
